<html>
<body>
<pre>
<h1>µVision Build Log</h1>
<h2>Tool Versions:</h2>
IDE-Version: µVision V5.38.0.0
Copyright (C) 2022 ARM Ltd and ARM Germany GmbH. All rights reserved.
License Information: Adarsh Palaskar, IIT Jodhpur, LIC=----
 
Tool Versions:
Toolchain:       MDK-Lite  Version: 5.38.0.0
Toolchain Path:  C:\Keil_v5\ARM\ARMCLANG\Bin
C Compiler:      ArmClang.exe V6.19
Assembler:       Armasm.exe V6.19
Linker/Locator:  ArmLink.exe V6.19
Library Manager: ArmAr.exe V6.19
Hex Converter:   FromElf.exe V6.19
CPU DLL:         SARMCM3.DLL V5.38.0.0
Dialog DLL:      DCM.DLL V1.17.5.0
Target DLL:      STLink\ST-LINKIII-KEIL_SWO.dll V3.1.0.0
Dialog DLL:      TCM.DLL V1.56.4.0
 
<h2>Project:</h2>
C:\ADARSH\semester_6\Digital Systems Lab\Lab6\q.uvprojx
Project File Date:  03/28/2023

<h2>Output:</h2>
*** Using Compiler 'V6.19', folder: 'C:\Keil_v5\ARM\ARMCLANG\Bin'
Rebuild target 'Target 1'
assembling startup_stm32f429xx.s...
compiling system_stm32f4xx.c...
C:/Users/Adarsh/Downloads/RccConfig.c(41): warning: In file included from...
C:/Users/Adarsh/Downloads/RccConfig.h(19): warning: // comments are not allowed in this language [-Wcomment]
#include "stm32f4xx.h"                  // Device header
                                        ^
C:/Users/Adarsh/Downloads/RccConfig.c(60): warning: // comments are not allowed in this language [-Wcomment]
        #define PLL_P   0  // PLLP = 2
                           ^
2 warnings generated.
compiling RccConfig.c...
C:/Users/Adarsh/Downloads/uart.c(1): warning: // comments are not allowed in this language [-Wcomment]
//#include "stm32f4xx.h" 
^
C:/Users/Adarsh/Downloads/uart.c(2): warning: In file included from...
C:/Users/Adarsh/Downloads/RccConfig.h(19): warning: // comments are not allowed in this language [-Wcomment]
#include "stm32f4xx.h"                  // Device header
                                        ^
C:/Users/Adarsh/Downloads/uart.c(11): warning: variable declaration in for loop is a C99-specific feature [-Wc99-extensions]
        for (uint16_t i=0; i<ms; i++)
             ^
C:/Users/Adarsh/Downloads/uart.c(11): warning: GCC does not allow variable declarations in for loop initializers before C99 [-Wgcc-compat]
C:/Users/Adarsh/Downloads/uart.c(9): warning: no previous prototype for function 'Delay_ms' [-Wmissing-prototypes]
void Delay_ms (uint16_t ms)
     ^
C:/Users/Adarsh/Downloads/uart.c(9): note: declare 'static' if the function is not intended to be used outside of this translation unit
void Delay_ms (uint16_t ms)
^
static 
C:/Users/Adarsh/Downloads/uart.c(51): warning: implicit conversion changes signedness: 'int' to 'unsigned int' [-Wsign-conversion]
        USART1->CR1 &= ~(1<<12);  // M =0; 8 bit word length
                    ~~ ^~~~~~~~
C:/Users/Adarsh/Downloads/uart.c(17): warning: no previous prototype for function 'UART1Config' [-Wmissing-prototypes]
void UART1Config (void)
     ^
C:/Users/Adarsh/Downloads/uart.c(17): note: declare 'static' if the function is not intended to be used outside of this translation unit
void UART1Config (void)
^
static 
C:/Users/Adarsh/Downloads/uart.c(65): warning: no previous prototype for function 'UART1_SendChar' [-Wmissing-prototypes]
void UART1_SendChar (uint8_t c)
     ^
C:/Users/Adarsh/Downloads/uart.c(65): note: declare 'static' if the function is not intended to be used outside of this translation unit
void UART1_SendChar (uint8_t c)
^
static 
C:/Users/Adarsh/Downloads/uart.c(85): warning: no previous prototype for function 'UART1_SendString' [-Wmissing-prototypes]
void UART1_SendString (char *string)
     ^
C:/Users/Adarsh/Downloads/uart.c(85): note: declare 'static' if the function is not intended to be used outside of this translation unit
void UART1_SendString (char *string)
^
static 
C:/Users/Adarsh/Downloads/uart.c(102): warning: implicit conversion loses integer precision: 'volatile uint32_t' (aka 'volatile unsigned int') to 'uint8_t' (aka 'unsigned char') [-Wimplicit-int-conversion]
        temp = USART1->DR;  // Read the data. This clears the RXNE also
             ~ ~~~~~~~~^~
C:/Users/Adarsh/Downloads/uart.c(90): warning: no previous prototype for function 'UART1_GetChar' [-Wmissing-prototypes]
uint8_t UART1_GetChar (void)
        ^
C:/Users/Adarsh/Downloads/uart.c(90): note: declare 'static' if the function is not intended to be used outside of this translation unit
uint8_t UART1_GetChar (void)
^
static 
11 warnings generated.
compiling uart.c...
C:/Users/Adarsh/Downloads/adc.c(1): warning: // comments are not allowed in this language [-Wcomment]
//#include "RccConfig.h"
^
C:/Users/Adarsh/Downloads/adc.c(25): warning: implicit conversion changes signedness: 'int' to 'unsigned int' [-Wsign-conversion]
        ADC1->CR1 &= ~(1<<24);   // 12 bit RES
                  ~~ ^~~~~~~~
C:/Users/Adarsh/Downloads/adc.c(30): warning: implicit conversion changes signedness: 'int' to 'unsigned int' [-Wsign-conversion]
        ADC1->CR2 &= ~(1<<11);   // Data Alignment RIGHT
                  ~~ ^~~~~~~~
C:/Users/Adarsh/Downloads/adc.c(33): warning: implicit conversion changes signedness: 'int' to 'unsigned int' [-Wsign-conversion]
        ADC1->SMPR2 &= ~((1<<3) | (1<<12));  // Sampling time of 3 cycles for channel 1 and channel 4
                    ~~ ^~~~~~~~~~~~~~~~~~~
C:/Users/Adarsh/Downloads/adc.c(4): warning: no previous prototype for function 'ADC_Init' [-Wmissing-prototypes]
void ADC_Init (void)
     ^
C:/Users/Adarsh/Downloads/adc.c(4): note: declare 'static' if the function is not intended to be used outside of this translation unit
void ADC_Init (void)
^
static 
C:/Users/Adarsh/Downloads/adc.c(52): warning: mixing declarations and code is a C99 extension [-Wdeclaration-after-statement]
        uint32_t delay = 10000;
                 ^
C:/Users/Adarsh/Downloads/adc.c(44): warning: no previous prototype for function 'ADC_Enable' [-Wmissing-prototypes]
void ADC_Enable (void)
     ^
C:/Users/Adarsh/Downloads/adc.c(44): note: declare 'static' if the function is not intended to be used outside of this translation unit
void ADC_Enable (void)
^
static 
C:/Users/Adarsh/Downloads/adc.c(70): warning: implicit conversion changes signedness: 'int' to 'unsigned int' [-Wsign-conversion]
        ADC1->SQR3 |= (channel<<0);    // conversion in regular sequence
                   ~~  ~~~~~~~^~~
C:/Users/Adarsh/Downloads/adc.c(57): warning: no previous prototype for function 'ADC_Start' [-Wmissing-prototypes]
void ADC_Start (int channel)
     ^
C:/Users/Adarsh/Downloads/adc.c(57): note: declare 'static' if the function is not intended to be used outside of this translation unit
void ADC_Start (int channel)
^
static 
C:/Users/Adarsh/Downloads/adc.c(78): warning: no previous prototype for function 'ADC_WaitForConv' [-Wmissing-prototypes]
void ADC_WaitForConv (void)
     ^
C:/Users/Adarsh/Downloads/adc.c(78): note: declare 'static' if the function is not intended to be used outside of this translation unit
void ADC_WaitForConv (void)
^
static 
C:/Users/Adarsh/Downloads/adc.c(88): warning: implicit conversion loses integer precision: 'volatile uint32_t' (aka 'volatile unsigned int') to 'uint16_t' (aka 'unsigned short') [-Wimplicit-int-conversion]
        return ADC1->DR;  // Read the Data Register
        ~~~~~~ ~~~~~~^~
C:/Users/Adarsh/Downloads/adc.c(86): warning: no previous prototype for function 'ADC_GetVal' [-Wmissing-prototypes]
uint16_t ADC_GetVal (void)
         ^
C:/Users/Adarsh/Downloads/adc.c(86): note: declare 'static' if the function is not intended to be used outside of this translation unit
uint16_t ADC_GetVal (void)
^
static 
C:/Users/Adarsh/Downloads/adc.c(102): warning: implicit conversion loses floating-point precision: 'double' to 'float' [-Wimplicit-float-conversion]
        float v = (55.0/4096.0)*Vo;
              ~   ~~~~~~~~~~~~~^~~
C:/Users/Adarsh/Downloads/adc.c(103): warning: implicit conversion loses floating-point precision: 'double' to 'float' [-Wimplicit-float-conversion]
        float t = (v +25.4);
              ~    ~~^~~~~
C:/Users/Adarsh/Downloads/adc.c(103): warning: implicit conversion increases floating-point precision: 'float' to 'double' [-Wdouble-promotion]
        float t = (v +25.4);
                   ^ ~
C:/Users/Adarsh/Downloads/adc.c(91): warning: no previous prototype for function 'convert' [-Wmissing-prototypes]
float convert(uint16_t Vo)
      ^
C:/Users/Adarsh/Downloads/adc.c(91): note: declare 'static' if the function is not intended to be used outside of this translation unit
float convert(uint16_t Vo)
^
static 
C:/Users/Adarsh/Downloads/adc.c(113): warning: implicit conversion changes signedness: 'int' to 'unsigned int' [-Wsign-conversion]
        ADC1->CR2 &= ~(1<<0);  // Disable ADC
                  ~~ ^~~~~~~
C:/Users/Adarsh/Downloads/adc.c(108): warning: no previous prototype for function 'ADC_Disable' [-Wmissing-prototypes]
void ADC_Disable (void)
     ^
C:/Users/Adarsh/Downloads/adc.c(108): note: declare 'static' if the function is not intended to be used outside of this translation unit
void ADC_Disable (void)
^
static 
C:/Users/Adarsh/Downloads/adc.c(117): warning: no previous extern declaration for non-static variable 'ADC_VAL' [-Wmissing-variable-declarations]
uint16_t ADC_VAL[2] = {0,0};
         ^
C:/Users/Adarsh/Downloads/adc.c(117): note: declare 'static' if the variable is not intended to be used outside of this translation unit
uint16_t ADC_VAL[2] = {0,0};
^
C:/Users/Adarsh/Downloads/adc.c(119): warning: no previous prototype for function 'delay' [-Wmissing-prototypes]
void delay(int delay)
     ^
C:/Users/Adarsh/Downloads/adc.c(119): note: declare 'static' if the function is not intended to be used outside of this translation unit
void delay(int delay)
^
static 
C:/Users/Adarsh/Downloads/adc.c(124): warning: a function declaration without a prototype is deprecated in all versions of C [-Wstrict-prototypes]
int main ()
         ^
          void
C:/Users/Adarsh/Downloads/adc.c(128): warning: implicit declaration of function 'SysClockConfig' [-Wimplicit-function-declaration]
        SysClockConfig ();
        ^
C:/Users/Adarsh/Downloads/adc.c(141): warning: implicit conversion turns floating-point number into integer: 'float' to 'uint16_t' (aka 'unsigned short') [-Wfloat-conversion]
                ADC_VAL[0] = convert(ADC_GetVal());
                           ~ ^~~~~~~~~~~~~~~~~~~~~
23 warnings generated.
compiling adc.c...
linking...
Program Size: Code=9576 RO-data=1052 RW-data=0 ZI-data=1640  
".\Objects\q.axf" - 0 Error(s), 36 Warning(s).

<h2>Software Packages used:</h2>

Package Vendor: ARM
                http://www.keil.com/pack/ARM.CMSIS.5.9.0.pack
                ARM.CMSIS.5.9.0
                CMSIS (Common Microcontroller Software Interface Standard)
   * Component: CORE Version: 5.6.0

Package Vendor: Keil
                https://www.keil.com/pack/Keil.STM32F4xx_DFP.2.17.0.pack
                Keil.STM32F4xx_DFP.2.17.0
                STMicroelectronics STM32F4 Series Device Support, Drivers and Examples
   * Component: Startup Version: 2.6.3

<h2>Collection of Component include folders:</h2>
  ./RTE/_Target_1
  C:/Users/Adarsh/AppData/Local/Arm/Packs/ARM/CMSIS/5.9.0/CMSIS/Core/Include
  C:/Users/Adarsh/AppData/Local/Arm/Packs/Keil/STM32F4xx_DFP/2.17.0/Drivers/CMSIS/Device/ST/STM32F4xx/Include

<h2>Collection of Component Files used:</h2>

   * Component: ARM::CMSIS:CORE:5.6.0

   * Component: Keil::Device:Startup:2.6.3
      Source file:   MDK/Device/Source/ARM/STM32F4xx_OTP.s
      Source file:   Drivers/CMSIS/Device/ST/STM32F4xx/Source/Templates/arm/startup_stm32f429xx.s
      Source file:   MDK/Device/Source/ARM/STM32F42xxx_43xxx_OPT.s
      Include file:  Drivers/CMSIS/Device/ST/STM32F4xx/Include/stm32f4xx.h
      Source file:   Drivers/CMSIS/Device/ST/STM32F4xx/Source/Templates/system_stm32f4xx.c
Build Time Elapsed:  00:00:01
</pre>
</body>
</html>
