Component: Arm Compiler for Embedded 6.19 Tool: armlink [5e73cb00]

==============================================================================

Section Cross References

    startup_stm32f412zx.o(STACK) refers (Special) to heapauxi.o(.text) for __use_two_region_memory
    startup_stm32f412zx.o(HEAP) refers (Special) to heapauxi.o(.text) for __use_two_region_memory
    startup_stm32f412zx.o(RESET) refers (Special) to heapauxi.o(.text) for __use_two_region_memory
    startup_stm32f412zx.o(RESET) refers to startup_stm32f412zx.o(STACK) for __initial_sp
    startup_stm32f412zx.o(RESET) refers to startup_stm32f412zx.o(.text) for Reset_Handler
    startup_stm32f412zx.o(.text) refers (Special) to heapauxi.o(.text) for __use_two_region_memory
    startup_stm32f412zx.o(.text) refers to system_stm32f4xx.o(.text.SystemInit) for SystemInit
    startup_stm32f412zx.o(.text) refers to nnumbers.o(sum) for __main
    startup_stm32f412zx.o(.text) refers to startup_stm32f412zx.o(HEAP) for Heap_Mem
    startup_stm32f412zx.o(.text) refers to startup_stm32f412zx.o(STACK) for Stack_Mem
    system_stm32f4xx.o(.ARM.exidx.text.SystemInit) refers to system_stm32f4xx.o(.text.SystemInit) for [Anonymous Symbol]
    system_stm32f4xx.o(.text.SystemCoreClockUpdate) refers to system_stm32f4xx.o(.data.SystemCoreClock) for SystemCoreClock
    system_stm32f4xx.o(.text.SystemCoreClockUpdate) refers to system_stm32f4xx.o(.rodata.AHBPrescTable) for AHBPrescTable
    system_stm32f4xx.o(.ARM.exidx.text.SystemCoreClockUpdate) refers to system_stm32f4xx.o(.text.SystemCoreClockUpdate) for [Anonymous Symbol]


==============================================================================

Removing Unused input sections from the image.

    Removing system_stm32f4xx.o(.text), (0 bytes).
    Removing system_stm32f4xx.o(.ARM.exidx.text.SystemInit), (8 bytes).
    Removing system_stm32f4xx.o(.text.SystemCoreClockUpdate), (302 bytes).
    Removing system_stm32f4xx.o(.ARM.exidx.text.SystemCoreClockUpdate), (8 bytes).
    Removing system_stm32f4xx.o(.data.SystemCoreClock), (4 bytes).
    Removing system_stm32f4xx.o(.rodata.AHBPrescTable), (16 bytes).
    Removing system_stm32f4xx.o(.rodata.APBPrescTable), (8 bytes).

7 unused section(s) (total 346 bytes) removed from the image.

==============================================================================

Image Symbol Table

    Local Symbols

    Symbol Name                              Value     Ov Type        Size  Object(Section)

    ../clib/heapaux.c                        0x00000000   Number         0  heapauxi.o ABSOLUTE
    RTE/Device/STM32F412ZGTx/startup_stm32f412zx.s 0x00000000   Number         0  startup_stm32f412zx.o ABSOLUTE
    dc.s                                     0x00000000   Number         0  dc.o ABSOLUTE
    nnumbers.s                               0x00000000   Number         0  nnumbers.o ABSOLUTE
    system_stm32f4xx.c                       0x00000000   Number         0  system_stm32f4xx.o ABSOLUTE
    RESET                                    0x08000000   Section      452  startup_stm32f412zx.o(RESET)
    $v0                                      0x080001c4   Number         0  startup_stm32f412zx.o(.text)
    .text                                    0x080001c4   Section       64  startup_stm32f412zx.o(.text)
    .text                                    0x08000204   Section        0  heapauxi.o(.text)
    [Anonymous Symbol]                       0x0800020c   Section        0  system_stm32f4xx.o(.text.SystemInit)
    $v0                                      0x08000220   Number         0  nnumbers.o(sum)
    sum                                      0x08000220   Section       22  nnumbers.o(sum)
    Heap_Mem                                 0x20000000   Data         512  startup_stm32f412zx.o(HEAP)
    HEAP                                     0x20000000   Section      512  startup_stm32f412zx.o(HEAP)
    Stack_Mem                                0x20000200   Data        1024  startup_stm32f412zx.o(STACK)
    STACK                                    0x20000200   Section     1024  startup_stm32f412zx.o(STACK)
    __initial_sp                             0x20000600   Data           0  startup_stm32f412zx.o(STACK)

    Global Symbols

    Symbol Name                              Value     Ov Type        Size  Object(Section)

    BuildAttributes$$THM_ISAv4$E$P$D$K$B$S$7EM$VFPi3$EXTD16$VFPS$VFMA$PE$A:L22UL41UL21$X:L11$S22US41US21$IEEE1$IW$~IW$USESV6$~STKCKD$USESV7$~SHL$OSPACE$ROPI$EBA8$STANDARDLIB$REQ8$PRES8$EABIv2 0x00000000   Number         0  anon$$obj.o ABSOLUTE
    __Vectors_Size                           0x000001c4   Number         0  startup_stm32f412zx.o ABSOLUTE
    __Vectors                                0x08000000   Data           4  startup_stm32f412zx.o(RESET)
    Reset_Handler                            0x080001c5   Thumb Code     8  startup_stm32f412zx.o(.text)
    __Vectors_End                            0x080001c4   Data           0  startup_stm32f412zx.o(RESET)
    NMI_Handler                              0x080001cd   Thumb Code     2  startup_stm32f412zx.o(.text)
    HardFault_Handler                        0x080001cf   Thumb Code     2  startup_stm32f412zx.o(.text)
    MemManage_Handler                        0x080001d1   Thumb Code     2  startup_stm32f412zx.o(.text)
    BusFault_Handler                         0x080001d3   Thumb Code     2  startup_stm32f412zx.o(.text)
    UsageFault_Handler                       0x080001d5   Thumb Code     2  startup_stm32f412zx.o(.text)
    SVC_Handler                              0x080001d7   Thumb Code     2  startup_stm32f412zx.o(.text)
    DebugMon_Handler                         0x080001d9   Thumb Code     2  startup_stm32f412zx.o(.text)
    PendSV_Handler                           0x080001db   Thumb Code     2  startup_stm32f412zx.o(.text)
    SysTick_Handler                          0x080001dd   Thumb Code     2  startup_stm32f412zx.o(.text)
    ADC_IRQHandler                           0x080001df   Thumb Code     0  startup_stm32f412zx.o(.text)
    CAN1_RX0_IRQHandler                      0x080001df   Thumb Code     0  startup_stm32f412zx.o(.text)
    CAN1_RX1_IRQHandler                      0x080001df   Thumb Code     0  startup_stm32f412zx.o(.text)
    CAN1_SCE_IRQHandler                      0x080001df   Thumb Code     0  startup_stm32f412zx.o(.text)
    CAN1_TX_IRQHandler                       0x080001df   Thumb Code     0  startup_stm32f412zx.o(.text)
    CAN2_RX0_IRQHandler                      0x080001df   Thumb Code     0  startup_stm32f412zx.o(.text)
    CAN2_RX1_IRQHandler                      0x080001df   Thumb Code     0  startup_stm32f412zx.o(.text)
    CAN2_SCE_IRQHandler                      0x080001df   Thumb Code     0  startup_stm32f412zx.o(.text)
    CAN2_TX_IRQHandler                       0x080001df   Thumb Code     0  startup_stm32f412zx.o(.text)
    DFSDM1_FLT0_IRQHandler                   0x080001df   Thumb Code     0  startup_stm32f412zx.o(.text)
    DFSDM1_FLT1_IRQHandler                   0x080001df   Thumb Code     0  startup_stm32f412zx.o(.text)
    DMA1_Stream0_IRQHandler                  0x080001df   Thumb Code     0  startup_stm32f412zx.o(.text)
    DMA1_Stream1_IRQHandler                  0x080001df   Thumb Code     0  startup_stm32f412zx.o(.text)
    DMA1_Stream2_IRQHandler                  0x080001df   Thumb Code     0  startup_stm32f412zx.o(.text)
    DMA1_Stream3_IRQHandler                  0x080001df   Thumb Code     0  startup_stm32f412zx.o(.text)
    DMA1_Stream4_IRQHandler                  0x080001df   Thumb Code     0  startup_stm32f412zx.o(.text)
    DMA1_Stream5_IRQHandler                  0x080001df   Thumb Code     0  startup_stm32f412zx.o(.text)
    DMA1_Stream6_IRQHandler                  0x080001df   Thumb Code     0  startup_stm32f412zx.o(.text)
    DMA1_Stream7_IRQHandler                  0x080001df   Thumb Code     0  startup_stm32f412zx.o(.text)
    DMA2_Stream0_IRQHandler                  0x080001df   Thumb Code     0  startup_stm32f412zx.o(.text)
    DMA2_Stream1_IRQHandler                  0x080001df   Thumb Code     0  startup_stm32f412zx.o(.text)
    DMA2_Stream2_IRQHandler                  0x080001df   Thumb Code     0  startup_stm32f412zx.o(.text)
    DMA2_Stream3_IRQHandler                  0x080001df   Thumb Code     0  startup_stm32f412zx.o(.text)
    DMA2_Stream4_IRQHandler                  0x080001df   Thumb Code     0  startup_stm32f412zx.o(.text)
    DMA2_Stream5_IRQHandler                  0x080001df   Thumb Code     0  startup_stm32f412zx.o(.text)
    DMA2_Stream6_IRQHandler                  0x080001df   Thumb Code     0  startup_stm32f412zx.o(.text)
    DMA2_Stream7_IRQHandler                  0x080001df   Thumb Code     0  startup_stm32f412zx.o(.text)
    EXTI0_IRQHandler                         0x080001df   Thumb Code     0  startup_stm32f412zx.o(.text)
    EXTI15_10_IRQHandler                     0x080001df   Thumb Code     0  startup_stm32f412zx.o(.text)
    EXTI1_IRQHandler                         0x080001df   Thumb Code     0  startup_stm32f412zx.o(.text)
    EXTI2_IRQHandler                         0x080001df   Thumb Code     0  startup_stm32f412zx.o(.text)
    EXTI3_IRQHandler                         0x080001df   Thumb Code     0  startup_stm32f412zx.o(.text)
    EXTI4_IRQHandler                         0x080001df   Thumb Code     0  startup_stm32f412zx.o(.text)
    EXTI9_5_IRQHandler                       0x080001df   Thumb Code     0  startup_stm32f412zx.o(.text)
    FLASH_IRQHandler                         0x080001df   Thumb Code     0  startup_stm32f412zx.o(.text)
    FMPI2C1_ER_IRQHandler                    0x080001df   Thumb Code     0  startup_stm32f412zx.o(.text)
    FMPI2C1_EV_IRQHandler                    0x080001df   Thumb Code     0  startup_stm32f412zx.o(.text)
    FPU_IRQHandler                           0x080001df   Thumb Code     0  startup_stm32f412zx.o(.text)
    I2C1_ER_IRQHandler                       0x080001df   Thumb Code     0  startup_stm32f412zx.o(.text)
    I2C1_EV_IRQHandler                       0x080001df   Thumb Code     0  startup_stm32f412zx.o(.text)
    I2C2_ER_IRQHandler                       0x080001df   Thumb Code     0  startup_stm32f412zx.o(.text)
    I2C2_EV_IRQHandler                       0x080001df   Thumb Code     0  startup_stm32f412zx.o(.text)
    I2C3_ER_IRQHandler                       0x080001df   Thumb Code     0  startup_stm32f412zx.o(.text)
    I2C3_EV_IRQHandler                       0x080001df   Thumb Code     0  startup_stm32f412zx.o(.text)
    OTG_FS_IRQHandler                        0x080001df   Thumb Code     0  startup_stm32f412zx.o(.text)
    OTG_FS_WKUP_IRQHandler                   0x080001df   Thumb Code     0  startup_stm32f412zx.o(.text)
    PVD_IRQHandler                           0x080001df   Thumb Code     0  startup_stm32f412zx.o(.text)
    QUADSPI_IRQHandler                       0x080001df   Thumb Code     0  startup_stm32f412zx.o(.text)
    RCC_IRQHandler                           0x080001df   Thumb Code     0  startup_stm32f412zx.o(.text)
    RNG_IRQHandler                           0x080001df   Thumb Code     0  startup_stm32f412zx.o(.text)
    RTC_Alarm_IRQHandler                     0x080001df   Thumb Code     0  startup_stm32f412zx.o(.text)
    RTC_WKUP_IRQHandler                      0x080001df   Thumb Code     0  startup_stm32f412zx.o(.text)
    SDIO_IRQHandler                          0x080001df   Thumb Code     0  startup_stm32f412zx.o(.text)
    SPI1_IRQHandler                          0x080001df   Thumb Code     0  startup_stm32f412zx.o(.text)
    SPI2_IRQHandler                          0x080001df   Thumb Code     0  startup_stm32f412zx.o(.text)
    SPI3_IRQHandler                          0x080001df   Thumb Code     0  startup_stm32f412zx.o(.text)
    SPI4_IRQHandler                          0x080001df   Thumb Code     0  startup_stm32f412zx.o(.text)
    SPI5_IRQHandler                          0x080001df   Thumb Code     0  startup_stm32f412zx.o(.text)
    TAMP_STAMP_IRQHandler                    0x080001df   Thumb Code     0  startup_stm32f412zx.o(.text)
    TIM1_BRK_TIM9_IRQHandler                 0x080001df   Thumb Code     0  startup_stm32f412zx.o(.text)
    TIM1_CC_IRQHandler                       0x080001df   Thumb Code     0  startup_stm32f412zx.o(.text)
    TIM1_TRG_COM_TIM11_IRQHandler            0x080001df   Thumb Code     0  startup_stm32f412zx.o(.text)
    TIM1_UP_TIM10_IRQHandler                 0x080001df   Thumb Code     0  startup_stm32f412zx.o(.text)
    TIM2_IRQHandler                          0x080001df   Thumb Code     0  startup_stm32f412zx.o(.text)
    TIM3_IRQHandler                          0x080001df   Thumb Code     0  startup_stm32f412zx.o(.text)
    TIM4_IRQHandler                          0x080001df   Thumb Code     0  startup_stm32f412zx.o(.text)
    TIM5_IRQHandler                          0x080001df   Thumb Code     0  startup_stm32f412zx.o(.text)
    TIM6_IRQHandler                          0x080001df   Thumb Code     0  startup_stm32f412zx.o(.text)
    TIM7_IRQHandler                          0x080001df   Thumb Code     0  startup_stm32f412zx.o(.text)
    TIM8_BRK_TIM12_IRQHandler                0x080001df   Thumb Code     0  startup_stm32f412zx.o(.text)
    TIM8_CC_IRQHandler                       0x080001df   Thumb Code     0  startup_stm32f412zx.o(.text)
    TIM8_TRG_COM_TIM14_IRQHandler            0x080001df   Thumb Code     0  startup_stm32f412zx.o(.text)
    TIM8_UP_TIM13_IRQHandler                 0x080001df   Thumb Code     0  startup_stm32f412zx.o(.text)
    USART1_IRQHandler                        0x080001df   Thumb Code     0  startup_stm32f412zx.o(.text)
    USART2_IRQHandler                        0x080001df   Thumb Code     0  startup_stm32f412zx.o(.text)
    USART3_IRQHandler                        0x080001df   Thumb Code     0  startup_stm32f412zx.o(.text)
    USART6_IRQHandler                        0x080001df   Thumb Code     0  startup_stm32f412zx.o(.text)
    WWDG_IRQHandler                          0x080001df   Thumb Code     0  startup_stm32f412zx.o(.text)
    __user_initial_stackheap                 0x080001e1   Thumb Code     0  startup_stm32f412zx.o(.text)
    __use_two_region_memory                  0x08000205   Thumb Code     2  heapauxi.o(.text)
    __rt_heap_escrow$2region                 0x08000207   Thumb Code     2  heapauxi.o(.text)
    __rt_heap_expand$2region                 0x08000209   Thumb Code     2  heapauxi.o(.text)
    SystemInit                               0x0800020d   Thumb Code    18  system_stm32f4xx.o(.text.SystemInit)
    __main                                   0x08000221   Thumb Code    22  nnumbers.o(sum)



==============================================================================

Memory Map of the image

  Image Entry point : 0x080001c5

  Load Region LR_1 (Base: 0x08000000, Size: 0x00000238, Max: 0xffffffff, ABSOLUTE)

    Execution Region ER_RO (Exec base: 0x08000000, Load base: 0x08000000, Size: 0x00000238, Max: 0xffffffff, ABSOLUTE)

    Exec Addr    Load Addr    Size         Type   Attr      Idx    E Section Name        Object

    0x08000000   0x08000000   0x000001c4   Data   RO            9    RESET               startup_stm32f412zx.o
    0x080001c4   0x080001c4   0x00000040   Code   RO           10  * .text               startup_stm32f412zx.o
    0x08000204   0x08000204   0x00000006   Code   RO           30    .text               c_w.l(heapauxi.o)
    0x0800020a   0x0800020a   0x00000002   PAD
    0x0800020c   0x0800020c   0x00000012   Code   RO           15    .text.SystemInit    system_stm32f4xx.o
    0x0800021e   0x0800021e   0x00000002   PAD
    0x08000220   0x08000220   0x00000016   Code   RO            1  * sum                 nnumbers.o


    Execution Region ER_RW (Exec base: 0x20000000, Load base: 0x08000238, Size: 0x00000000, Max: 0xffffffff, ABSOLUTE)

    **** No section assigned to this execution region ****


    Execution Region ER_ZI (Exec base: 0x20000000, Load base: 0x08000238, Size: 0x00000600, Max: 0xffffffff, ABSOLUTE)

    Exec Addr    Load Addr    Size         Type   Attr      Idx    E Section Name        Object

    0x20000000        -       0x00000200   Zero   RW            8    HEAP                startup_stm32f412zx.o
    0x20000200        -       0x00000400   Zero   RW            7    STACK               startup_stm32f412zx.o


==============================================================================

Image component sizes


      Code (inc. data)   RO Data    RW Data    ZI Data      Debug   Object Name

        22          0          0          0          0        380   nnumbers.o
        64         26        452          0       1536        864   startup_stm32f412zx.o
        18          0          0          0          0       2741   system_stm32f4xx.o

    ----------------------------------------------------------------------
       108         26        452          0       1536       3985   Object Totals
         0          0          0          0          0          0   (incl. Generated)
         4          0          0          0          0          0   (incl. Padding)

    ----------------------------------------------------------------------

      Code (inc. data)   RO Data    RW Data    ZI Data      Debug   Library Member Name

         6          0          0          0          0        152   heapauxi.o

    ----------------------------------------------------------------------
         8          0          0          0          0        152   Library Totals
         2          0          0          0          0          0   (incl. Padding)

    ----------------------------------------------------------------------

      Code (inc. data)   RO Data    RW Data    ZI Data      Debug   Library Name

         6          0          0          0          0        152   c_w.l

    ----------------------------------------------------------------------
         8          0          0          0          0        152   Library Totals

    ----------------------------------------------------------------------

==============================================================================


      Code (inc. data)   RO Data    RW Data    ZI Data      Debug   

       116         26        452          0       1536       4037   Grand Totals
       116         26        452          0       1536       4037   ELF Image Totals
       116         26        452          0          0          0   ROM Totals

==============================================================================

    Total RO  Size (Code + RO Data)                  568 (   0.55kB)
    Total RW  Size (RW Data + ZI Data)              1536 (   1.50kB)
    Total ROM Size (Code + RO Data + RW Data)        568 (   0.55kB)

==============================================================================

